// Jest Snapshot v1, https://goo.gl/fbAQLP

exports[`NotFoundPage - snapshot test 1`] = `
<section
  className="Page-vq5r1s-0 fmekfX"
>
  <section
    className="Center-s1p4naw5-0 dBuSNS"
  >
    <span
      className="Text-s1rrlk1p-0 kIrymH"
      fontSize="10vw"
    >
      Not Found Page
    </span>
  </section>
  <section
    className="Center-s1p4naw5-0 dBuSNS"
  >
    <a
      href="/"
      onClick={[Function]}
    >
      <span
        className="Text-s1rrlk1p-0 cdvcYd"
        fontSize="5vw"
      >
        Go to Index Page
      </span>
    </a>
  </section>
</section>
`;
