// Jest Snapshot v1, https://goo.gl/fbAQLP

exports[`Text - snapshot test 1`] = `
<span
  className="Text-s1rrlk1p-0 fxCrta"
/>
`;
