// Jest Snapshot v1, https://goo.gl/fbAQLP

exports[`Center - snapshot test 1`] = `
<section
  className="Center-s1p4naw5-0 dBuSNS"
/>
`;
