// Jest Snapshot v1, https://goo.gl/fbAQLP

exports[`Page - snapshot test 1`] = `
<section
  className="Page-vq5r1s-0 kfZZKf"
/>
`;
